// Jest Snapshot v1, https://goo.gl/fbAQLP

exports[`should match snapshot 1`] = `
<li
  className="todo-item done"
  onClick={[Function]}
>
  text123
</li>
`;
